// Jest Snapshot v1, https://goo.gl/fbAQLP

exports[`should Renders Splash and MatchSnapShot 1`] = `
<View
  style={
    Object {
      "alignItems": "center",
      "backgroundColor": "#FFFFFF",
      "flex": 1,
      "justifyContent": "center",
    }
  }
>
  <Image
    source={
      Object {
        "testUri": "../../../src/assets/images/loading.gif",
      }
    }
  />
</View>
`;
